<html>
<body>
<pre>
<h1>µVision Build Log</h1>
<h2>Tool Versions:</h2>
IDE-Version: ¦ÌVision V5.28.0.0
Copyright (C) 2019 ARM Ltd and ARM Germany GmbH. All rights reserved.
License Information: a Bi Zhoutao, 1, LIC=32B1Q-NTBH3-SBSEJ-UTQK7-TL52Z-ITCWM
 
Tool Versions:
Toolchain:       MDK-ARM Plus  Version: 5.28.0.0
Toolchain Path:  D:\luanqibazao\keil 5 for stm32\ARM\ARMCC\Bin
C Compiler:      Armcc.exe V5.06 update 6 (build 750)
Assembler:       Armasm.exe V5.06 update 6 (build 750)
Linker/Locator:  ArmLink.exe V5.06 update 6 (build 750)
Library Manager: ArmAr.exe V5.06 update 6 (build 750)
Hex Converter:   FromElf.exe V5.06 update 6 (build 750)
CPU DLL:         SARMCM3.DLL V5.28.0.0
Dialog DLL:      DCM.DLL V1.17.3.0
Target DLL:      STLink\ST-LINKIII-KEIL_SWO.dll V3.0.6.0
Dialog DLL:      TCM.DLL V1.36.2.0
 
<h2>Project:</h2>
D:\demo\Received_signal\Template.uvprojx
Project File Date:  12/24/2024

<h2>Output:</h2>
*** Using Compiler 'V5.06 update 6 (build 750)', folder: 'D:\luanqibazao\keil 5 for stm32\ARM\ARMCC\Bin'
Rebuild target 'Target 1'
compiling stm32f10x_gpio.c...
assembling startup_stm32f10x_hd.s...
compiling sensor_AD.c...
App\sensor_AD\sensor_AD.c(88): warning:  #1-D: last line of file ends without a newline
   
App\sensor_AD\sensor_AD.c: 1 warning, 0 errors
compiling stm32f10x_rcc.c...
compiling stm32f10x_it.c...
compiling tft.c...
compiling beep.c...
App\beep\beep.c(17): warning:  #1-D: last line of file ends without a newline
   
App\beep\beep.c: 1 warning, 0 errors
compiling lcd_init.c...
compiling delay.c...
compiling system_stm32f10x.c...
compiling misc.c...
compiling main.c...
.\App\sensor_AD\sensor_AD.h(8): warning:  #1-D: last line of file ends without a newline
   
User\main.c: 1 warning, 0 errors
compiling spi.c...
compiling core_cm3.c...
compiling lcd.c...
compiling oled.c...
compiling stm32f10x_adc.c...
compiling GPIO_STM32F10x.c...
linking...
Program Size: Code=4962 RO-data=2410 RW-data=84 ZI-data=1028  
FromELF: creating hex file...
".\Obj\Template.axf" - 0 Error(s), 3 Warning(s).

<h2>Software Packages used:</h2>

Package Vendor: ARM
                http://www.keil.com/pack/ARM.CMSIS.5.5.1.pack
                ARM.CMSIS.5.5.1
                CMSIS (Cortex Microcontroller Software Interface Standard)
   * Component: CORE Version: 5.2.0

Package Vendor: Keil
                http://www.keil.com/pack/Keil.STM32F1xx_DFP.1.0.5.pack
                Keil.STM32F1xx_DFP.1.0.5
                STMicroelectronics STM32F1 Series Device Support, Drivers and Examples
   * Component: GPIO Version: 1.01.0
   * Component: ADC Version: 3.5.0

<h2>Collection of Component include folders:</h2>
  .\RTE\_Target_1
  D:\luanqibazao\keil 5 for stm32\ARM\CMSIS\5.5.1\CMSIS\Core\Include
  D:\luanqibazao\keil 5 for stm32\Keil\STM32F1xx_DFP\1.0.5\Device\Include
  D:\luanqibazao\keil 5 for stm32\Keil\STM32F1xx_DFP\1.0.5\Device\StdPeriph_Driver\inc
  D:\luanqibazao\keil 5 for stm32\Keil\STM32F1xx_DFP\1.0.5\RTE_Driver

<h2>Collection of Component Files used:</h2>

   * Component: ARM::CMSIS:CORE:5.2.0

   * Component: Keil::Device:GPIO:1.01.0
      Source file:   RTE_Driver\GPIO_STM32F10x.c
      Include file:  RTE_Driver\GPIO_STM32F10x.h

   * Component: Keil::Device:StdPeriph Drivers:ADC:3.5.0
      Include file:  Device\StdPeriph_Driver\inc\stm32f10x_adc.h
      Source file:   Device\StdPeriph_Driver\src\stm32f10x_adc.c
Build Time Elapsed:  00:00:02
</pre>
</body>
</html>
