Component: ARM Compiler 5.06 update 6 (build 750) Tool: armlink [4d35ed]

==============================================================================

Section Cross References

    main.o(i.main) refers to delay.o(i.Delay_init) for Delay_init
    main.o(i.main) refers to beep.o(i.BEEP_Init) for BEEP_Init
    main.o(i.main) refers to stm32f10x_gpio.o(i.GPIO_ResetBits) for GPIO_ResetBits
    main.o(i.main) refers to sensor_ad.o(i.Adc_Config) for Adc_Config
    main.o(i.main) refers to oled.o(i.OLED_Init) for OLED_Init
    main.o(i.main) refers to oled.o(i.OLED_Display_On) for OLED_Display_On
    main.o(i.main) refers to oled.o(i.OLED_ShowString) for OLED_ShowString
    main.o(i.main) refers to oled.o(i.OLED_ShowNum) for OLED_ShowNum
    main.o(i.main) refers to sensor_ad.o(i.TEMT6000_ADC1) for TEMT6000_ADC1
    main.o(i.main) refers to cfrcmple.o(.text) for __aeabi_cfrcmple
    main.o(i.main) refers to cfcmple.o(.text) for __aeabi_cfcmple
    main.o(i.main) refers to delay.o(i.Delay_ms) for Delay_ms
    main.o(i.main) refers to stm32f10x_gpio.o(i.GPIO_SetBits) for GPIO_SetBits
    main.o(i.main) refers to main.o(.data) for data
    startup_stm32f10x_hd.o(RESET) refers to startup_stm32f10x_hd.o(STACK) for __initial_sp
    startup_stm32f10x_hd.o(RESET) refers to startup_stm32f10x_hd.o(.text) for Reset_Handler
    startup_stm32f10x_hd.o(RESET) refers to stm32f10x_it.o(i.NMI_Handler) for NMI_Handler
    startup_stm32f10x_hd.o(RESET) refers to stm32f10x_it.o(i.HardFault_Handler) for HardFault_Handler
    startup_stm32f10x_hd.o(RESET) refers to stm32f10x_it.o(i.MemManage_Handler) for MemManage_Handler
    startup_stm32f10x_hd.o(RESET) refers to stm32f10x_it.o(i.BusFault_Handler) for BusFault_Handler
    startup_stm32f10x_hd.o(RESET) refers to stm32f10x_it.o(i.UsageFault_Handler) for UsageFault_Handler
    startup_stm32f10x_hd.o(RESET) refers to stm32f10x_it.o(i.SVC_Handler) for SVC_Handler
    startup_stm32f10x_hd.o(RESET) refers to stm32f10x_it.o(i.DebugMon_Handler) for DebugMon_Handler
    startup_stm32f10x_hd.o(RESET) refers to stm32f10x_it.o(i.PendSV_Handler) for PendSV_Handler
    startup_stm32f10x_hd.o(RESET) refers to stm32f10x_it.o(i.SysTick_Handler) for SysTick_Handler
    startup_stm32f10x_hd.o(.text) refers to system_stm32f10x.o(i.SystemInit) for SystemInit
    startup_stm32f10x_hd.o(.text) refers to entry.o(.ARM.Collect$$$$00000000) for __main
    stm32f10x_gpio.o(i.GPIO_AFIODeInit) refers to stm32f10x_rcc.o(i.RCC_APB2PeriphResetCmd) for RCC_APB2PeriphResetCmd
    stm32f10x_gpio.o(i.GPIO_DeInit) refers to stm32f10x_rcc.o(i.RCC_APB2PeriphResetCmd) for RCC_APB2PeriphResetCmd
    stm32f10x_rcc.o(i.RCC_GetClocksFreq) refers to stm32f10x_rcc.o(.data) for APBAHBPrescTable
    stm32f10x_rcc.o(i.RCC_WaitForHSEStartUp) refers to stm32f10x_rcc.o(i.RCC_GetFlagStatus) for RCC_GetFlagStatus
    system_stm32f10x.o(i.SetSysClock) refers to system_stm32f10x.o(i.SetSysClockTo72) for SetSysClockTo72
    system_stm32f10x.o(i.SystemCoreClockUpdate) refers to system_stm32f10x.o(.data) for SystemCoreClock
    system_stm32f10x.o(i.SystemInit) refers to system_stm32f10x.o(i.SetSysClock) for SetSysClock
    beep.o(i.BEEP_Init) refers to stm32f10x_rcc.o(i.RCC_APB2PeriphClockCmd) for RCC_APB2PeriphClockCmd
    beep.o(i.BEEP_Init) refers to stm32f10x_gpio.o(i.GPIO_Init) for GPIO_Init
    beep.o(i.BEEP_Init) refers to stm32f10x_gpio.o(i.GPIO_ResetBits) for GPIO_ResetBits
    delay.o(i.Delay_init) refers to misc.o(i.SysTick_CLKSourceConfig) for SysTick_CLKSourceConfig
    delay.o(i.Delay_init) refers to system_stm32f10x.o(.data) for SystemCoreClock
    delay.o(i.Delay_init) refers to delay.o(.data) for fac_us
    delay.o(i.Delay_ms) refers to delay.o(.data) for fac_ms
    delay.o(i.Delay_us) refers to delay.o(.data) for fac_us
    sensor_ad.o(i.Adc_Config) refers to stm32f10x_rcc.o(i.RCC_APB2PeriphClockCmd) for RCC_APB2PeriphClockCmd
    sensor_ad.o(i.Adc_Config) refers to stm32f10x_rcc.o(i.RCC_ADCCLKConfig) for RCC_ADCCLKConfig
    sensor_ad.o(i.Adc_Config) refers to stm32f10x_gpio.o(i.GPIO_Init) for GPIO_Init
    sensor_ad.o(i.Adc_Config) refers to stm32f10x_adc.o(i.ADC_DeInit) for ADC_DeInit
    sensor_ad.o(i.Adc_Config) refers to stm32f10x_adc.o(i.ADC_Init) for ADC_Init
    sensor_ad.o(i.Adc_Config) refers to stm32f10x_adc.o(i.ADC_RegularChannelConfig) for ADC_RegularChannelConfig
    sensor_ad.o(i.Adc_Config) refers to stm32f10x_adc.o(i.ADC_Cmd) for ADC_Cmd
    sensor_ad.o(i.Adc_Config) refers to stm32f10x_adc.o(i.ADC_ResetCalibration) for ADC_ResetCalibration
    sensor_ad.o(i.Adc_Config) refers to stm32f10x_adc.o(i.ADC_GetResetCalibrationStatus) for ADC_GetResetCalibrationStatus
    sensor_ad.o(i.Adc_Config) refers to stm32f10x_adc.o(i.ADC_StartCalibration) for ADC_StartCalibration
    sensor_ad.o(i.Adc_Config) refers to stm32f10x_adc.o(i.ADC_GetCalibrationStatus) for ADC_GetCalibrationStatus
    sensor_ad.o(i.TEMT6000_ADC1) refers to stm32f10x_adc.o(i.ADC_RegularChannelConfig) for ADC_RegularChannelConfig
    sensor_ad.o(i.TEMT6000_ADC1) refers to stm32f10x_adc.o(i.ADC_SoftwareStartConvCmd) for ADC_SoftwareStartConvCmd
    sensor_ad.o(i.TEMT6000_ADC1) refers to stm32f10x_adc.o(i.ADC_GetFlagStatus) for ADC_GetFlagStatus
    sensor_ad.o(i.TEMT6000_ADC1) refers to stm32f10x_adc.o(i.ADC_GetConversionValue) for ADC_GetConversionValue
    sensor_ad.o(i.TEMT6000_ADC1) refers to ffltui.o(.text) for __aeabi_ui2f
    sensor_ad.o(i.TEMT6000_ADC1) refers to fdiv.o(.text) for __aeabi_fdiv
    sensor_ad.o(i.TEMT6000_ADC1) refers to f2d.o(.text) for __aeabi_f2d
    sensor_ad.o(i.TEMT6000_ADC1) refers to dmul.o(.text) for __aeabi_dmul
    sensor_ad.o(i.TEMT6000_ADC1) refers to d2f.o(.text) for __aeabi_d2f
    sensor_ad.o(i.TEMT6000_ADC1) refers to fmul.o(.text) for __aeabi_fmul
    sensor_ad.o(i.TEMT6000_ADC1) refers to ffixi.o(.text) for __aeabi_f2iz
    sensor_ad.o(i.TEMT6000_ADC1) refers to dadd.o(.text) for __aeabi_dsub
    sensor_ad.o(i.TEMT6000_ADC1) refers to sensor_ad.o(.data) for TEMT6000_sensor_ADC_ConvertedValue
    tft.o(i.DispBand) refers to tft.o(i.lcd_write) for lcd_write
    tft.o(i.DispBand) refers to tft.o(i.set_frame_size) for set_frame_size
    tft.o(i.DispBand) refers to tft.o(.constdata) for .constdata
    tft.o(i.DispFrame) refers to tft.o(i.set_frame_size) for set_frame_size
    tft.o(i.DispFrame) refers to tft.o(i.lcd_write) for lcd_write
    tft.o(i.DispGrayHor16) refers to tft.o(i.set_frame_size) for set_frame_size
    tft.o(i.DispGrayHor16) refers to tft.o(i.lcd_write) for lcd_write
    tft.o(i.DispPic) refers to tft.o(i.set_frame_size) for set_frame_size
    tft.o(i.DispPic) refers to tft.o(i.lcd_write) for lcd_write
    tft.o(i.lcd_config) refers to tft.o(i.lcd_reset) for lcd_reset
    tft.o(i.lcd_config) refers to tft.o(i.lcd_write) for lcd_write
    tft.o(i.lcd_config) refers to delay.o(i.Delay_ms) for Delay_ms
    tft.o(i.lcd_config) refers to tft.o(i.set_color_format) for set_color_format
    tft.o(i.lcd_config) refers to tft.o(i.set_scan_direction) for set_scan_direction
    tft.o(i.lcd_init) refers to stm32f10x_rcc.o(i.RCC_APB2PeriphClockCmd) for RCC_APB2PeriphClockCmd
    tft.o(i.lcd_init) refers to stm32f10x_gpio.o(i.GPIO_Init) for GPIO_Init
    tft.o(i.lcd_init) refers to spi.o(i.spi_init) for spi_init
    tft.o(i.lcd_init) refers to tft.o(i.lcd_config) for lcd_config
    tft.o(i.lcd_init) refers to tft.o(.data) for GPIO_Initure
    tft.o(i.lcd_reset) refers to delay.o(i.Delay_ms) for Delay_ms
    tft.o(i.lcd_write) refers to spi.o(i.spi_start) for spi_start
    tft.o(i.lcd_write) refers to spi.o(i.spi_write) for spi_write
    tft.o(i.lcd_write) refers to spi.o(i.spi_stop) for spi_stop
    tft.o(i.set_background) refers to tft.o(i.set_frame_size) for set_frame_size
    tft.o(i.set_background) refers to tft.o(i.lcd_write) for lcd_write
    tft.o(i.set_color_format) refers to tft.o(i.lcd_write) for lcd_write
    tft.o(i.set_frame_size) refers to tft.o(i.lcd_write) for lcd_write
    tft.o(i.set_point) refers to tft.o(i.set_frame_size) for set_frame_size
    tft.o(i.set_point) refers to tft.o(i.lcd_write) for lcd_write
    tft.o(i.set_rectangle) refers to tft.o(i.set_frame_size) for set_frame_size
    tft.o(i.set_rectangle) refers to tft.o(i.lcd_write) for lcd_write
    tft.o(i.set_scan_direction) refers to tft.o(i.lcd_write) for lcd_write
    spi.o(i.spi_init) refers to stm32f10x_rcc.o(i.RCC_APB2PeriphClockCmd) for RCC_APB2PeriphClockCmd
    spi.o(i.spi_init) refers to stm32f10x_gpio.o(i.GPIO_Init) for GPIO_Init
    spi.o(i.spi_init) refers to tft.o(.data) for GPIO_Initure
    spi.o(i.spi_read) refers to spi.o(i.spi_read_place) for spi_read_place
    spi.o(i.spi_read_place) refers to delay.o(i.Delay_us) for Delay_us
    spi.o(i.spi_write) refers to spi.o(i.spi_write_place) for spi_write_place
    lcd.o(i.Draw_Circle) refers to lcd.o(i.LCD_DrawPoint) for LCD_DrawPoint
    lcd.o(i.LCD_DrawLine) refers to lcd.o(i.LCD_DrawPoint) for LCD_DrawPoint
    lcd.o(i.LCD_DrawPoint) refers to lcd_init.o(i.LCD_Address_Set) for LCD_Address_Set
    lcd.o(i.LCD_DrawPoint) refers to lcd_init.o(i.LCD_WR_DATA) for LCD_WR_DATA
    lcd.o(i.LCD_DrawRectangle) refers to lcd.o(i.LCD_DrawLine) for LCD_DrawLine
    lcd.o(i.LCD_Fill) refers to lcd_init.o(i.LCD_Address_Set) for LCD_Address_Set
    lcd.o(i.LCD_Fill) refers to lcd_init.o(i.LCD_WR_DATA) for LCD_WR_DATA
    lcd.o(i.LCD_ShowChar) refers to lcd_init.o(i.LCD_Address_Set) for LCD_Address_Set
    lcd.o(i.LCD_ShowChar) refers to lcd_init.o(i.LCD_WR_DATA) for LCD_WR_DATA
    lcd.o(i.LCD_ShowChar) refers to lcd.o(i.LCD_DrawPoint) for LCD_DrawPoint
    lcd.o(i.LCD_ShowChar) refers to lcd.o(.constdata) for ascii_1608
    lcd.o(i.LCD_ShowChinese) refers to lcd.o(i.LCD_ShowChinese16x16) for LCD_ShowChinese16x16
    lcd.o(i.LCD_ShowChinese) refers to lcd.o(i.LCD_ShowChinese24x24) for LCD_ShowChinese24x24
    lcd.o(i.LCD_ShowChinese) refers to lcd.o(i.LCD_ShowChinese32x32) for LCD_ShowChinese32x32
    lcd.o(i.LCD_ShowChinese16x16) refers to lcd_init.o(i.LCD_Address_Set) for LCD_Address_Set
    lcd.o(i.LCD_ShowChinese16x16) refers to lcd_init.o(i.LCD_WR_DATA) for LCD_WR_DATA
    lcd.o(i.LCD_ShowChinese16x16) refers to lcd.o(i.LCD_DrawPoint) for LCD_DrawPoint
    lcd.o(i.LCD_ShowChinese16x16) refers to lcd.o(.constdata) for tfont16
    lcd.o(i.LCD_ShowChinese24x24) refers to lcd_init.o(i.LCD_Address_Set) for LCD_Address_Set
    lcd.o(i.LCD_ShowChinese24x24) refers to lcd_init.o(i.LCD_WR_DATA) for LCD_WR_DATA
    lcd.o(i.LCD_ShowChinese24x24) refers to lcd.o(i.LCD_DrawPoint) for LCD_DrawPoint
    lcd.o(i.LCD_ShowChinese24x24) refers to lcd.o(.constdata) for tfont24
    lcd.o(i.LCD_ShowChinese32x32) refers to lcd_init.o(i.LCD_Address_Set) for LCD_Address_Set
    lcd.o(i.LCD_ShowChinese32x32) refers to lcd_init.o(i.LCD_WR_DATA) for LCD_WR_DATA
    lcd.o(i.LCD_ShowChinese32x32) refers to lcd.o(i.LCD_DrawPoint) for LCD_DrawPoint
    lcd.o(i.LCD_ShowChinese32x32) refers to lcd.o(.constdata) for tfont32
    lcd.o(i.LCD_ShowFloatNum1) refers to fmul.o(.text) for __aeabi_fmul
    lcd.o(i.LCD_ShowFloatNum1) refers to ffixui.o(.text) for __aeabi_f2uiz
    lcd.o(i.LCD_ShowFloatNum1) refers to lcd.o(i.mypow) for mypow
    lcd.o(i.LCD_ShowFloatNum1) refers to lcd.o(i.LCD_ShowChar) for LCD_ShowChar
    lcd.o(i.LCD_ShowIntNum) refers to lcd.o(i.mypow) for mypow
    lcd.o(i.LCD_ShowIntNum) refers to lcd.o(i.LCD_ShowChar) for LCD_ShowChar
    lcd.o(i.LCD_ShowPicture) refers to lcd_init.o(i.LCD_Address_Set) for LCD_Address_Set
    lcd.o(i.LCD_ShowPicture) refers to lcd_init.o(i.LCD_WR_DATA8) for LCD_WR_DATA8
    lcd.o(i.LCD_ShowString) refers to lcd.o(i.LCD_ShowChar) for LCD_ShowChar
    lcd_init.o(i.LCD_Address_Set) refers to lcd_init.o(i.LCD_WR_REG) for LCD_WR_REG
    lcd_init.o(i.LCD_Address_Set) refers to lcd_init.o(i.LCD_WR_DATA) for LCD_WR_DATA
    lcd_init.o(i.LCD_GPIO_Init) refers to stm32f10x_rcc.o(i.RCC_APB2PeriphClockCmd) for RCC_APB2PeriphClockCmd
    lcd_init.o(i.LCD_GPIO_Init) refers to stm32f10x_gpio.o(i.GPIO_Init) for GPIO_Init
    lcd_init.o(i.LCD_GPIO_Init) refers to stm32f10x_gpio.o(i.GPIO_SetBits) for GPIO_SetBits
    lcd_init.o(i.LCD_Init) refers to lcd_init.o(i.LCD_GPIO_Init) for LCD_GPIO_Init
    lcd_init.o(i.LCD_Init) refers to stm32f10x_gpio.o(i.GPIO_ResetBits) for GPIO_ResetBits
    lcd_init.o(i.LCD_Init) refers to delay.o(i.Delay_ms) for Delay_ms
    lcd_init.o(i.LCD_Init) refers to stm32f10x_gpio.o(i.GPIO_SetBits) for GPIO_SetBits
    lcd_init.o(i.LCD_Init) refers to lcd_init.o(i.LCD_WR_REG) for LCD_WR_REG
    lcd_init.o(i.LCD_Init) refers to lcd_init.o(i.LCD_WR_DATA8) for LCD_WR_DATA8
    lcd_init.o(i.LCD_WR_DATA) refers to lcd_init.o(i.LCD_Writ_Bus) for LCD_Writ_Bus
    lcd_init.o(i.LCD_WR_DATA8) refers to lcd_init.o(i.LCD_Writ_Bus) for LCD_Writ_Bus
    lcd_init.o(i.LCD_WR_REG) refers to stm32f10x_gpio.o(i.GPIO_ResetBits) for GPIO_ResetBits
    lcd_init.o(i.LCD_WR_REG) refers to lcd_init.o(i.LCD_Writ_Bus) for LCD_Writ_Bus
    lcd_init.o(i.LCD_WR_REG) refers to stm32f10x_gpio.o(i.GPIO_SetBits) for GPIO_SetBits
    lcd_init.o(i.LCD_Writ_Bus) refers to stm32f10x_gpio.o(i.GPIO_ResetBits) for GPIO_ResetBits
    lcd_init.o(i.LCD_Writ_Bus) refers to stm32f10x_gpio.o(i.GPIO_SetBits) for GPIO_SetBits
    oled.o(i.IIC_Start) refers to stm32f10x_gpio.o(i.GPIO_SetBits) for GPIO_SetBits
    oled.o(i.IIC_Start) refers to stm32f10x_gpio.o(i.GPIO_ResetBits) for GPIO_ResetBits
    oled.o(i.IIC_Stop) refers to stm32f10x_gpio.o(i.GPIO_SetBits) for GPIO_SetBits
    oled.o(i.IIC_Stop) refers to stm32f10x_gpio.o(i.GPIO_ResetBits) for GPIO_ResetBits
    oled.o(i.IIC_Wait_Ack) refers to stm32f10x_gpio.o(i.GPIO_SetBits) for GPIO_SetBits
    oled.o(i.IIC_Wait_Ack) refers to stm32f10x_gpio.o(i.GPIO_ResetBits) for GPIO_ResetBits
    oled.o(i.OLED_Clear) refers to oled.o(i.OLED_WR_Byte) for OLED_WR_Byte
    oled.o(i.OLED_Display_Off) refers to oled.o(i.OLED_WR_Byte) for OLED_WR_Byte
    oled.o(i.OLED_Display_On) refers to oled.o(i.OLED_WR_Byte) for OLED_WR_Byte
    oled.o(i.OLED_DrawBMP) refers to oled.o(i.OLED_Set_Pos) for OLED_Set_Pos
    oled.o(i.OLED_DrawBMP) refers to oled.o(i.OLED_WR_Byte) for OLED_WR_Byte
    oled.o(i.OLED_Init) refers to stm32f10x_rcc.o(i.RCC_APB2PeriphClockCmd) for RCC_APB2PeriphClockCmd
    oled.o(i.OLED_Init) refers to stm32f10x_gpio.o(i.GPIO_Init) for GPIO_Init
    oled.o(i.OLED_Init) refers to stm32f10x_gpio.o(i.GPIO_SetBits) for GPIO_SetBits
    oled.o(i.OLED_Init) refers to delay.o(i.Delay_ms) for Delay_ms
    oled.o(i.OLED_Init) refers to oled.o(i.OLED_WR_Byte) for OLED_WR_Byte
    oled.o(i.OLED_Init) refers to oled.o(i.OLED_Clear) for OLED_Clear
    oled.o(i.OLED_On) refers to oled.o(i.OLED_WR_Byte) for OLED_WR_Byte
    oled.o(i.OLED_Set_Pos) refers to oled.o(i.OLED_WR_Byte) for OLED_WR_Byte
    oled.o(i.OLED_ShowChar) refers to oled.o(i.OLED_Set_Pos) for OLED_Set_Pos
    oled.o(i.OLED_ShowChar) refers to oled.o(i.OLED_WR_Byte) for OLED_WR_Byte
    oled.o(i.OLED_ShowChar) refers to oled.o(.constdata) for F8X16
    oled.o(i.OLED_ShowNum) refers to oled.o(i.oled_pow) for oled_pow
    oled.o(i.OLED_ShowNum) refers to oled.o(i.OLED_ShowChar) for OLED_ShowChar
    oled.o(i.OLED_ShowString) refers to oled.o(i.OLED_ShowChar) for OLED_ShowChar
    oled.o(i.OLED_WR_Byte) refers to oled.o(i.Write_IIC_Data) for Write_IIC_Data
    oled.o(i.OLED_WR_Byte) refers to oled.o(i.Write_IIC_Command) for Write_IIC_Command
    oled.o(i.Write_IIC_Byte) refers to stm32f10x_gpio.o(i.GPIO_ResetBits) for GPIO_ResetBits
    oled.o(i.Write_IIC_Byte) refers to stm32f10x_gpio.o(i.GPIO_SetBits) for GPIO_SetBits
    oled.o(i.Write_IIC_Command) refers to oled.o(i.IIC_Start) for IIC_Start
    oled.o(i.Write_IIC_Command) refers to oled.o(i.Write_IIC_Byte) for Write_IIC_Byte
    oled.o(i.Write_IIC_Command) refers to oled.o(i.IIC_Wait_Ack) for IIC_Wait_Ack
    oled.o(i.Write_IIC_Command) refers to oled.o(i.IIC_Stop) for IIC_Stop
    oled.o(i.Write_IIC_Data) refers to oled.o(i.IIC_Start) for IIC_Start
    oled.o(i.Write_IIC_Data) refers to oled.o(i.Write_IIC_Byte) for Write_IIC_Byte
    oled.o(i.Write_IIC_Data) refers to oled.o(i.IIC_Wait_Ack) for IIC_Wait_Ack
    oled.o(i.Write_IIC_Data) refers to oled.o(i.IIC_Stop) for IIC_Stop
    oled.o(i.fill_picture) refers to oled.o(i.OLED_WR_Byte) for OLED_WR_Byte
    stm32f10x_adc.o(i.ADC_DeInit) refers to stm32f10x_rcc.o(i.RCC_APB2PeriphResetCmd) for RCC_APB2PeriphResetCmd
    entry.o(.ARM.Collect$$$$00000000) refers (Special) to entry10a.o(.ARM.Collect$$$$0000000D) for __rt_final_cpp
    entry.o(.ARM.Collect$$$$00000000) refers (Special) to entry11a.o(.ARM.Collect$$$$0000000F) for __rt_final_exit
    entry.o(.ARM.Collect$$$$00000000) refers (Special) to entry7b.o(.ARM.Collect$$$$00000008) for _main_clock
    entry.o(.ARM.Collect$$$$00000000) refers (Special) to entry8b.o(.ARM.Collect$$$$0000000A) for _main_cpp_init
    entry.o(.ARM.Collect$$$$00000000) refers (Special) to entry9a.o(.ARM.Collect$$$$0000000B) for _main_init
    entry.o(.ARM.Collect$$$$00000000) refers (Special) to entry5.o(.ARM.Collect$$$$00000004) for _main_scatterload
    entry.o(.ARM.Collect$$$$00000000) refers (Special) to entry2.o(.ARM.Collect$$$$00000001) for _main_stk
    fmul.o(.text) refers (Special) to iusefp.o(.text) for __I$use$fp
    fdiv.o(.text) refers (Special) to iusefp.o(.text) for __I$use$fp
    fdiv.o(.text) refers to fepilogue.o(.text) for _float_round
    dadd.o(.text) refers (Special) to iusefp.o(.text) for __I$use$fp
    dadd.o(.text) refers to llshl.o(.text) for __aeabi_llsl
    dadd.o(.text) refers to llsshr.o(.text) for __aeabi_lasr
    dadd.o(.text) refers to depilogue.o(.text) for _double_epilogue
    dmul.o(.text) refers (Special) to iusefp.o(.text) for __I$use$fp
    dmul.o(.text) refers to depilogue.o(.text) for _double_epilogue
    ffltui.o(.text) refers (Special) to iusefp.o(.text) for __I$use$fp
    ffltui.o(.text) refers to fepilogue.o(.text) for _float_epilogue
    ffixi.o(.text) refers (Special) to iusefp.o(.text) for __I$use$fp
    ffixui.o(.text) refers (Special) to iusefp.o(.text) for __I$use$fp
    f2d.o(.text) refers (Special) to iusefp.o(.text) for __I$use$fp
    d2f.o(.text) refers (Special) to iusefp.o(.text) for __I$use$fp
    d2f.o(.text) refers to fepilogue.o(.text) for _float_round
    cfcmple.o(.text) refers (Special) to iusefp.o(.text) for __I$use$fp
    cfrcmple.o(.text) refers (Special) to iusefp.o(.text) for __I$use$fp
    entry2.o(.ARM.Collect$$$$00000001) refers to entry2.o(.ARM.Collect$$$$00002712) for __lit__00000000
    entry2.o(.ARM.Collect$$$$00002712) refers to startup_stm32f10x_hd.o(STACK) for __initial_sp
    entry2.o(__vectab_stack_and_reset_area) refers to startup_stm32f10x_hd.o(STACK) for __initial_sp
    entry2.o(__vectab_stack_and_reset_area) refers to entry.o(.ARM.Collect$$$$00000000) for __main
    entry5.o(.ARM.Collect$$$$00000004) refers to init.o(.text) for __scatterload
    entry9a.o(.ARM.Collect$$$$0000000B) refers to main.o(i.main) for main
    entry9b.o(.ARM.Collect$$$$0000000C) refers to main.o(i.main) for main
    depilogue.o(.text) refers to llshl.o(.text) for __aeabi_llsl
    depilogue.o(.text) refers to llushr.o(.text) for __aeabi_llsr
    init.o(.text) refers to entry5.o(.ARM.Collect$$$$00000004) for __main_after_scatterload


==============================================================================

Removing Unused input sections from the image.

    Removing startup_stm32f10x_hd.o(HEAP), (512 bytes).
    Removing stm32f10x_gpio.o(i.GPIO_AFIODeInit), (20 bytes).
    Removing stm32f10x_gpio.o(i.GPIO_DeInit), (200 bytes).
    Removing stm32f10x_gpio.o(i.GPIO_ETH_MediaInterfaceConfig), (12 bytes).
    Removing stm32f10x_gpio.o(i.GPIO_EXTILineConfig), (64 bytes).
    Removing stm32f10x_gpio.o(i.GPIO_EventOutputCmd), (12 bytes).
    Removing stm32f10x_gpio.o(i.GPIO_EventOutputConfig), (32 bytes).
    Removing stm32f10x_gpio.o(i.GPIO_PinLockConfig), (18 bytes).
    Removing stm32f10x_gpio.o(i.GPIO_PinRemapConfig), (144 bytes).
    Removing stm32f10x_gpio.o(i.GPIO_ReadInputData), (8 bytes).
    Removing stm32f10x_gpio.o(i.GPIO_ReadInputDataBit), (18 bytes).
    Removing stm32f10x_gpio.o(i.GPIO_ReadOutputData), (8 bytes).
    Removing stm32f10x_gpio.o(i.GPIO_ReadOutputDataBit), (18 bytes).
    Removing stm32f10x_gpio.o(i.GPIO_StructInit), (16 bytes).
    Removing stm32f10x_gpio.o(i.GPIO_Write), (4 bytes).
    Removing stm32f10x_gpio.o(i.GPIO_WriteBit), (10 bytes).
    Removing stm32f10x_rcc.o(i.RCC_AHBPeriphClockCmd), (32 bytes).
    Removing stm32f10x_rcc.o(i.RCC_APB1PeriphClockCmd), (32 bytes).
    Removing stm32f10x_rcc.o(i.RCC_APB1PeriphResetCmd), (32 bytes).
    Removing stm32f10x_rcc.o(i.RCC_AdjustHSICalibrationValue), (24 bytes).
    Removing stm32f10x_rcc.o(i.RCC_BackupResetCmd), (12 bytes).
    Removing stm32f10x_rcc.o(i.RCC_ClearFlag), (20 bytes).
    Removing stm32f10x_rcc.o(i.RCC_ClearITPendingBit), (12 bytes).
    Removing stm32f10x_rcc.o(i.RCC_ClockSecuritySystemCmd), (12 bytes).
    Removing stm32f10x_rcc.o(i.RCC_DeInit), (76 bytes).
    Removing stm32f10x_rcc.o(i.RCC_GetClocksFreq), (212 bytes).
    Removing stm32f10x_rcc.o(i.RCC_GetFlagStatus), (60 bytes).
    Removing stm32f10x_rcc.o(i.RCC_GetITStatus), (24 bytes).
    Removing stm32f10x_rcc.o(i.RCC_GetSYSCLKSource), (16 bytes).
    Removing stm32f10x_rcc.o(i.RCC_HCLKConfig), (24 bytes).
    Removing stm32f10x_rcc.o(i.RCC_HSEConfig), (76 bytes).
    Removing stm32f10x_rcc.o(i.RCC_HSICmd), (12 bytes).
    Removing stm32f10x_rcc.o(i.RCC_ITConfig), (32 bytes).
    Removing stm32f10x_rcc.o(i.RCC_LSEConfig), (52 bytes).
    Removing stm32f10x_rcc.o(i.RCC_LSICmd), (12 bytes).
    Removing stm32f10x_rcc.o(i.RCC_MCOConfig), (12 bytes).
    Removing stm32f10x_rcc.o(i.RCC_PCLK1Config), (24 bytes).
    Removing stm32f10x_rcc.o(i.RCC_PCLK2Config), (24 bytes).
    Removing stm32f10x_rcc.o(i.RCC_PLLCmd), (12 bytes).
    Removing stm32f10x_rcc.o(i.RCC_PLLConfig), (28 bytes).
    Removing stm32f10x_rcc.o(i.RCC_RTCCLKCmd), (12 bytes).
    Removing stm32f10x_rcc.o(i.RCC_RTCCLKConfig), (16 bytes).
    Removing stm32f10x_rcc.o(i.RCC_SYSCLKConfig), (24 bytes).
    Removing stm32f10x_rcc.o(i.RCC_USBCLKConfig), (12 bytes).
    Removing stm32f10x_rcc.o(i.RCC_WaitForHSEStartUp), (56 bytes).
    Removing stm32f10x_rcc.o(.data), (20 bytes).
    Removing system_stm32f10x.o(i.SystemCoreClockUpdate), (164 bytes).
    Removing core_cm3.o(.emb_text), (32 bytes).
    Removing delay.o(i.Delay_us), (76 bytes).
    Removing tft.o(i.DispBand), (104 bytes).
    Removing tft.o(i.DispFrame), (208 bytes).
    Removing tft.o(i.DispGrayHor16), (82 bytes).
    Removing tft.o(i.DispPic), (94 bytes).
    Removing tft.o(i.lcd_config), (634 bytes).
    Removing tft.o(i.lcd_init), (112 bytes).
    Removing tft.o(i.lcd_reset), (52 bytes).
    Removing tft.o(i.lcd_write), (32 bytes).
    Removing tft.o(i.set_background), (58 bytes).
    Removing tft.o(i.set_color_format), (22 bytes).
    Removing tft.o(i.set_frame_size), (104 bytes).
    Removing tft.o(i.set_point), (42 bytes).
    Removing tft.o(i.set_rectangle), (102 bytes).
    Removing tft.o(i.set_scan_direction), (22 bytes).
    Removing tft.o(.constdata), (16 bytes).
    Removing tft.o(.data), (4 bytes).
    Removing spi.o(i.spi_init), (100 bytes).
    Removing spi.o(i.spi_read), (36 bytes).
    Removing spi.o(i.spi_read_place), (48 bytes).
    Removing spi.o(i.spi_start), (12 bytes).
    Removing spi.o(i.spi_stop), (12 bytes).
    Removing spi.o(i.spi_write), (44 bytes).
    Removing spi.o(i.spi_write_place), (40 bytes).
    Removing lcd.o(i.Draw_Circle), (158 bytes).
    Removing lcd.o(i.LCD_DrawLine), (172 bytes).
    Removing lcd.o(i.LCD_DrawPoint), (28 bytes).
    Removing lcd.o(i.LCD_DrawRectangle), (74 bytes).
    Removing lcd.o(i.LCD_Fill), (74 bytes).
    Removing lcd.o(i.LCD_ShowChar), (244 bytes).
    Removing lcd.o(i.LCD_ShowChinese), (116 bytes).
    Removing lcd.o(i.LCD_ShowChinese16x16), (260 bytes).
    Removing lcd.o(i.LCD_ShowChinese24x24), (276 bytes).
    Removing lcd.o(i.LCD_ShowChinese32x32), (260 bytes).
    Removing lcd.o(i.LCD_ShowFloatNum1), (164 bytes).
    Removing lcd.o(i.LCD_ShowIntNum), (150 bytes).
    Removing lcd.o(i.LCD_ShowPicture), (104 bytes).
    Removing lcd.o(i.LCD_ShowString), (66 bytes).
    Removing lcd.o(i.mypow), (22 bytes).
    Removing lcd.o(.constdata), (9912 bytes).
    Removing lcd_init.o(i.LCD_Address_Set), (66 bytes).
    Removing lcd_init.o(i.LCD_GPIO_Init), (92 bytes).
    Removing lcd_init.o(i.LCD_Init), (496 bytes).
    Removing lcd_init.o(i.LCD_WR_DATA), (18 bytes).
    Removing lcd_init.o(i.LCD_WR_DATA8), (12 bytes).
    Removing lcd_init.o(i.LCD_WR_REG), (32 bytes).
    Removing lcd_init.o(i.LCD_Writ_Bus), (84 bytes).
    Removing misc.o(i.NVIC_Init), (112 bytes).
    Removing misc.o(i.NVIC_PriorityGroupConfig), (20 bytes).
    Removing misc.o(i.NVIC_SetVectorTable), (20 bytes).
    Removing misc.o(i.NVIC_SystemLPConfig), (32 bytes).
    Removing oled.o(i.Delay_1ms), (26 bytes).
    Removing oled.o(i.Delay_50ms), (22 bytes).
    Removing oled.o(i.OLED_Display_Off), (28 bytes).
    Removing oled.o(i.OLED_DrawBMP), (118 bytes).
    Removing oled.o(i.OLED_On), (62 bytes).
    Removing oled.o(i.fill_picture), (64 bytes).
    Removing stm32f10x_adc.o(i.ADC_AnalogWatchdogCmd), (20 bytes).
    Removing stm32f10x_adc.o(i.ADC_AnalogWatchdogSingleChannelConfig), (16 bytes).
    Removing stm32f10x_adc.o(i.ADC_AnalogWatchdogThresholdsConfig), (6 bytes).
    Removing stm32f10x_adc.o(i.ADC_AutoInjectedConvCmd), (22 bytes).
    Removing stm32f10x_adc.o(i.ADC_ClearFlag), (6 bytes).
    Removing stm32f10x_adc.o(i.ADC_ClearITPendingBit), (10 bytes).
    Removing stm32f10x_adc.o(i.ADC_DMACmd), (22 bytes).
    Removing stm32f10x_adc.o(i.ADC_DiscModeChannelCountConfig), (24 bytes).
    Removing stm32f10x_adc.o(i.ADC_DiscModeCmd), (22 bytes).
    Removing stm32f10x_adc.o(i.ADC_ExternalTrigConvCmd), (22 bytes).
    Removing stm32f10x_adc.o(i.ADC_ExternalTrigInjectedConvCmd), (22 bytes).
    Removing stm32f10x_adc.o(i.ADC_ExternalTrigInjectedConvConfig), (16 bytes).
    Removing stm32f10x_adc.o(i.ADC_GetDualModeConversionValue), (12 bytes).
    Removing stm32f10x_adc.o(i.ADC_GetITStatus), (36 bytes).
    Removing stm32f10x_adc.o(i.ADC_GetInjectedConversionValue), (28 bytes).
    Removing stm32f10x_adc.o(i.ADC_GetSoftwareStartConvStatus), (20 bytes).
    Removing stm32f10x_adc.o(i.ADC_GetSoftwareStartInjectedConvCmdStatus), (20 bytes).
    Removing stm32f10x_adc.o(i.ADC_ITConfig), (24 bytes).
    Removing stm32f10x_adc.o(i.ADC_InjectedChannelConfig), (130 bytes).
    Removing stm32f10x_adc.o(i.ADC_InjectedDiscModeCmd), (22 bytes).
    Removing stm32f10x_adc.o(i.ADC_InjectedSequencerLengthConfig), (24 bytes).
    Removing stm32f10x_adc.o(i.ADC_SetInjectedOffset), (20 bytes).
    Removing stm32f10x_adc.o(i.ADC_SoftwareStartInjectedConvCmd), (22 bytes).
    Removing stm32f10x_adc.o(i.ADC_StructInit), (18 bytes).
    Removing stm32f10x_adc.o(i.ADC_TempSensorVrefintCmd), (36 bytes).
    Removing gpio_stm32f10x.o(i.GPIO_AFConfigure), (88 bytes).
    Removing gpio_stm32f10x.o(i.GPIO_PinConfigure), (92 bytes).
    Removing gpio_stm32f10x.o(i.GPIO_PortClock), (316 bytes).
    Removing ffixui.o(.text), (40 bytes).

134 unused section(s) (total 18900 bytes) removed from the image.

==============================================================================

Image Symbol Table

    Local Symbols

    Symbol Name                              Value     Ov Type        Size  Object(Section)

    ../clib/microlib/init/entry.s            0x00000000   Number         0  entry9a.o ABSOLUTE
    ../clib/microlib/init/entry.s            0x00000000   Number         0  entry9b.o ABSOLUTE
    ../clib/microlib/init/entry.s            0x00000000   Number         0  entry10a.o ABSOLUTE
    ../clib/microlib/init/entry.s            0x00000000   Number         0  entry11a.o ABSOLUTE
    ../clib/microlib/init/entry.s            0x00000000   Number         0  entry10b.o ABSOLUTE
    ../clib/microlib/init/entry.s            0x00000000   Number         0  entry.o ABSOLUTE
    ../clib/microlib/init/entry.s            0x00000000   Number         0  entry2.o ABSOLUTE
    ../clib/microlib/init/entry.s            0x00000000   Number         0  entry5.o ABSOLUTE
    ../clib/microlib/init/entry.s            0x00000000   Number         0  entry11b.o ABSOLUTE
    ../clib/microlib/init/entry.s            0x00000000   Number         0  entry7a.o ABSOLUTE
    ../clib/microlib/init/entry.s            0x00000000   Number         0  entry7b.o ABSOLUTE
    ../clib/microlib/init/entry.s            0x00000000   Number         0  entry8a.o ABSOLUTE
    ../clib/microlib/init/entry.s            0x00000000   Number         0  entry8b.o ABSOLUTE
    ../clib/microlib/longlong.c              0x00000000   Number         0  llsshr.o ABSOLUTE
    ../clib/microlib/longlong.c              0x00000000   Number         0  llshl.o ABSOLUTE
    ../clib/microlib/longlong.c              0x00000000   Number         0  llushr.o ABSOLUTE
    ../clib/microlib/stubs.s                 0x00000000   Number         0  iusefp.o ABSOLUTE
    ../fplib/microlib/d2f.c                  0x00000000   Number         0  d2f.o ABSOLUTE
    ../fplib/microlib/f2d.c                  0x00000000   Number         0  f2d.o ABSOLUTE
    ../fplib/microlib/fpadd.c                0x00000000   Number         0  dadd.o ABSOLUTE
    ../fplib/microlib/fpdiv.c                0x00000000   Number         0  fdiv.o ABSOLUTE
    ../fplib/microlib/fpepilogue.c           0x00000000   Number         0  depilogue.o ABSOLUTE
    ../fplib/microlib/fpepilogue.c           0x00000000   Number         0  fepilogue.o ABSOLUTE
    ../fplib/microlib/fpfix.c                0x00000000   Number         0  ffixui.o ABSOLUTE
    ../fplib/microlib/fpfix.c                0x00000000   Number         0  ffixi.o ABSOLUTE
    ../fplib/microlib/fpflt.c                0x00000000   Number         0  ffltui.o ABSOLUTE
    ../fplib/microlib/fpmul.c                0x00000000   Number         0  fmul.o ABSOLUTE
    ../fplib/microlib/fpmul.c                0x00000000   Number         0  dmul.o ABSOLUTE
    App\beep\beep.c                          0x00000000   Number         0  beep.o ABSOLUTE
    App\delays\delay.c                       0x00000000   Number         0  delay.o ABSOLUTE
    App\oled\oled.c                          0x00000000   Number         0  oled.o ABSOLUTE
    App\sensor_AD\sensor_AD.c                0x00000000   Number         0  sensor_ad.o ABSOLUTE
    App\spi\spi.c                            0x00000000   Number         0  spi.o ABSOLUTE
    App\tft2\lcd.c                           0x00000000   Number         0  lcd.o ABSOLUTE
    App\tft2\lcd_init.c                      0x00000000   Number         0  lcd_init.o ABSOLUTE
    App\tft2\misc.c                          0x00000000   Number         0  misc.o ABSOLUTE
    App\tft\tft.c                            0x00000000   Number         0  tft.o ABSOLUTE
    D:\luanqibazao\keil 5 for stm32\Keil\STM32F1xx_DFP\1.0.5\Device\StdPeriph_Driver\src\stm32f10x_adc.c 0x00000000   Number         0  stm32f10x_adc.o ABSOLUTE
    D:\luanqibazao\keil 5 for stm32\Keil\STM32F1xx_DFP\1.0.5\RTE_Driver\GPIO_STM32F10x.c 0x00000000   Number         0  gpio_stm32f10x.o ABSOLUTE
    Libraries\CMSIS\core_cm3.c               0x00000000   Number         0  core_cm3.o ABSOLUTE
    Libraries\CMSIS\startup_stm32f10x_hd.s   0x00000000   Number         0  startup_stm32f10x_hd.o ABSOLUTE
    Libraries\CMSIS\system_stm32f10x.c       0x00000000   Number         0  system_stm32f10x.o ABSOLUTE
    Libraries\STM32F10x_StdPeriph_Driver\src\stm32f10x_gpio.c 0x00000000   Number         0  stm32f10x_gpio.o ABSOLUTE
    Libraries\STM32F10x_StdPeriph_Driver\src\stm32f10x_rcc.c 0x00000000   Number         0  stm32f10x_rcc.o ABSOLUTE
    Libraries\\CMSIS\\core_cm3.c             0x00000000   Number         0  core_cm3.o ABSOLUTE
    User\main.c                              0x00000000   Number         0  main.o ABSOLUTE
    User\stm32f10x_it.c                      0x00000000   Number         0  stm32f10x_it.o ABSOLUTE
    cfcmple.s                                0x00000000   Number         0  cfcmple.o ABSOLUTE
    cfrcmple.s                               0x00000000   Number         0  cfrcmple.o ABSOLUTE
    dc.s                                     0x00000000   Number         0  dc.o ABSOLUTE
    handlers.s                               0x00000000   Number         0  handlers.o ABSOLUTE
    init.s                                   0x00000000   Number         0  init.o ABSOLUTE
    RESET                                    0x08000000   Section      304  startup_stm32f10x_hd.o(RESET)
    .ARM.Collect$$$$00000000                 0x08000130   Section        0  entry.o(.ARM.Collect$$$$00000000)
    .ARM.Collect$$$$00000001                 0x08000130   Section        4  entry2.o(.ARM.Collect$$$$00000001)
    .ARM.Collect$$$$00000004                 0x08000134   Section        4  entry5.o(.ARM.Collect$$$$00000004)
    .ARM.Collect$$$$00000008                 0x08000138   Section        0  entry7b.o(.ARM.Collect$$$$00000008)
    .ARM.Collect$$$$0000000A                 0x08000138   Section        0  entry8b.o(.ARM.Collect$$$$0000000A)
    .ARM.Collect$$$$0000000B                 0x08000138   Section        8  entry9a.o(.ARM.Collect$$$$0000000B)
    .ARM.Collect$$$$0000000D                 0x08000140   Section        0  entry10a.o(.ARM.Collect$$$$0000000D)
    .ARM.Collect$$$$0000000F                 0x08000140   Section        0  entry11a.o(.ARM.Collect$$$$0000000F)
    .ARM.Collect$$$$00002712                 0x08000140   Section        4  entry2.o(.ARM.Collect$$$$00002712)
    __lit__00000000                          0x08000140   Data           4  entry2.o(.ARM.Collect$$$$00002712)
    .text                                    0x08000144   Section       36  startup_stm32f10x_hd.o(.text)
    .text                                    0x08000168   Section        0  fmul.o(.text)
    .text                                    0x080001cc   Section        0  fdiv.o(.text)
    .text                                    0x08000248   Section        0  dadd.o(.text)
    .text                                    0x08000396   Section        0  dmul.o(.text)
    .text                                    0x0800047a   Section        0  ffltui.o(.text)
    .text                                    0x08000484   Section        0  ffixi.o(.text)
    .text                                    0x080004b6   Section        0  f2d.o(.text)
    .text                                    0x080004dc   Section        0  d2f.o(.text)
    .text                                    0x08000514   Section       20  cfcmple.o(.text)
    .text                                    0x08000528   Section       20  cfrcmple.o(.text)
    .text                                    0x0800053c   Section        0  llshl.o(.text)
    .text                                    0x0800055a   Section        0  llsshr.o(.text)
    .text                                    0x0800057e   Section        0  iusefp.o(.text)
    .text                                    0x0800057e   Section        0  fepilogue.o(.text)
    .text                                    0x080005ec   Section        0  depilogue.o(.text)
    .text                                    0x080006a8   Section       36  init.o(.text)
    .text                                    0x080006cc   Section        0  llushr.o(.text)
    i.ADC_Cmd                                0x080006ec   Section        0  stm32f10x_adc.o(i.ADC_Cmd)
    i.ADC_DeInit                             0x08000704   Section        0  stm32f10x_adc.o(i.ADC_DeInit)
    i.ADC_GetCalibrationStatus               0x08000760   Section        0  stm32f10x_adc.o(i.ADC_GetCalibrationStatus)
    i.ADC_GetConversionValue                 0x08000774   Section        0  stm32f10x_adc.o(i.ADC_GetConversionValue)
    i.ADC_GetFlagStatus                      0x0800077c   Section        0  stm32f10x_adc.o(i.ADC_GetFlagStatus)
    i.ADC_GetResetCalibrationStatus          0x0800078e   Section        0  stm32f10x_adc.o(i.ADC_GetResetCalibrationStatus)
    i.ADC_Init                               0x080007a4   Section        0  stm32f10x_adc.o(i.ADC_Init)
    i.ADC_RegularChannelConfig               0x080007f4   Section        0  stm32f10x_adc.o(i.ADC_RegularChannelConfig)
    i.ADC_ResetCalibration                   0x080008ac   Section        0  stm32f10x_adc.o(i.ADC_ResetCalibration)
    i.ADC_SoftwareStartConvCmd               0x080008b6   Section        0  stm32f10x_adc.o(i.ADC_SoftwareStartConvCmd)
    i.ADC_StartCalibration                   0x080008cc   Section        0  stm32f10x_adc.o(i.ADC_StartCalibration)
    i.Adc_Config                             0x080008d8   Section        0  sensor_ad.o(i.Adc_Config)
    i.BEEP_Init                              0x08000970   Section        0  beep.o(i.BEEP_Init)
    i.BusFault_Handler                       0x080009a4   Section        0  stm32f10x_it.o(i.BusFault_Handler)
    i.DebugMon_Handler                       0x080009a8   Section        0  stm32f10x_it.o(i.DebugMon_Handler)
    i.Delay_init                             0x080009ac   Section        0  delay.o(i.Delay_init)
    i.Delay_ms                               0x080009f0   Section        0  delay.o(i.Delay_ms)
    i.GPIO_Init                              0x08000a3c   Section        0  stm32f10x_gpio.o(i.GPIO_Init)
    i.GPIO_ResetBits                         0x08000b52   Section        0  stm32f10x_gpio.o(i.GPIO_ResetBits)
    i.GPIO_SetBits                           0x08000b56   Section        0  stm32f10x_gpio.o(i.GPIO_SetBits)
    i.HardFault_Handler                      0x08000b5a   Section        0  stm32f10x_it.o(i.HardFault_Handler)
    i.IIC_Start                              0x08000b60   Section        0  oled.o(i.IIC_Start)
    i.IIC_Stop                               0x08000b88   Section        0  oled.o(i.IIC_Stop)
    i.IIC_Wait_Ack                           0x08000ba8   Section        0  oled.o(i.IIC_Wait_Ack)
    i.MemManage_Handler                      0x08000bc0   Section        0  stm32f10x_it.o(i.MemManage_Handler)
    i.NMI_Handler                            0x08000bc4   Section        0  stm32f10x_it.o(i.NMI_Handler)
    i.OLED_Clear                             0x08000bc6   Section        0  oled.o(i.OLED_Clear)
    i.OLED_Display_On                        0x08000c04   Section        0  oled.o(i.OLED_Display_On)
    i.OLED_Init                              0x08000c20   Section        0  oled.o(i.OLED_Init)
    i.OLED_Set_Pos                           0x08000d38   Section        0  oled.o(i.OLED_Set_Pos)
    i.OLED_ShowChar                          0x08000d60   Section        0  oled.o(i.OLED_ShowChar)
    i.OLED_ShowNum                           0x08000e04   Section        0  oled.o(i.OLED_ShowNum)
    i.OLED_ShowString                        0x08000e8c   Section        0  oled.o(i.OLED_ShowString)
    i.OLED_WR_Byte                           0x08000ec6   Section        0  oled.o(i.OLED_WR_Byte)
    i.PendSV_Handler                         0x08000ede   Section        0  stm32f10x_it.o(i.PendSV_Handler)
    i.RCC_ADCCLKConfig                       0x08000ee0   Section        0  stm32f10x_rcc.o(i.RCC_ADCCLKConfig)
    i.RCC_APB2PeriphClockCmd                 0x08000ef8   Section        0  stm32f10x_rcc.o(i.RCC_APB2PeriphClockCmd)
    i.RCC_APB2PeriphResetCmd                 0x08000f18   Section        0  stm32f10x_rcc.o(i.RCC_APB2PeriphResetCmd)
    i.SVC_Handler                            0x08000f38   Section        0  stm32f10x_it.o(i.SVC_Handler)
    i.SetSysClock                            0x08000f3a   Section        0  system_stm32f10x.o(i.SetSysClock)
    SetSysClock                              0x08000f3b   Thumb Code     8  system_stm32f10x.o(i.SetSysClock)
    i.SetSysClockTo72                        0x08000f44   Section        0  system_stm32f10x.o(i.SetSysClockTo72)
    SetSysClockTo72                          0x08000f45   Thumb Code   214  system_stm32f10x.o(i.SetSysClockTo72)
    i.SysTick_CLKSourceConfig                0x08001024   Section        0  misc.o(i.SysTick_CLKSourceConfig)
    i.SysTick_Handler                        0x0800104c   Section        0  stm32f10x_it.o(i.SysTick_Handler)
    i.SystemInit                             0x08001050   Section        0  system_stm32f10x.o(i.SystemInit)
    i.TEMT6000_ADC1                          0x080010b0   Section        0  sensor_ad.o(i.TEMT6000_ADC1)
    i.UsageFault_Handler                     0x08001278   Section        0  stm32f10x_it.o(i.UsageFault_Handler)
    i.Write_IIC_Byte                         0x0800127c   Section        0  oled.o(i.Write_IIC_Byte)
    i.Write_IIC_Command                      0x080012d0   Section        0  oled.o(i.Write_IIC_Command)
    i.Write_IIC_Data                         0x080012fc   Section        0  oled.o(i.Write_IIC_Data)
    i.__scatterload_copy                     0x08001328   Section       14  handlers.o(i.__scatterload_copy)
    i.__scatterload_null                     0x08001336   Section        2  handlers.o(i.__scatterload_null)
    i.__scatterload_zeroinit                 0x08001338   Section       14  handlers.o(i.__scatterload_zeroinit)
    i.main                                   0x08001348   Section        0  main.o(i.main)
    i.oled_pow                               0x0800147c   Section        0  oled.o(i.oled_pow)
    .constdata                               0x08001492   Section     2072  oled.o(.constdata)
    .data                                    0x20000000   Section       32  main.o(.data)
    .data                                    0x20000020   Section       20  system_stm32f10x.o(.data)
    .data                                    0x20000034   Section        4  delay.o(.data)
    fac_us                                   0x20000034   Data           1  delay.o(.data)
    fac_ms                                   0x20000036   Data           2  delay.o(.data)
    .data                                    0x20000038   Section       28  sensor_ad.o(.data)
    STACK                                    0x20000058   Section     1024  startup_stm32f10x_hd.o(STACK)

    Global Symbols

    Symbol Name                              Value     Ov Type        Size  Object(Section)

    BuildAttributes$$THM_ISAv4$P$D$K$B$S$PE$A:L22UL41UL21$X:L11$S22US41US21$IEEE1$IW$USESV6$~STKCKD$USESV7$~SHL$OTIME$ROPI$EBA8$MICROLIB$REQ8$PRES8$EABIv2 0x00000000   Number         0  anon$$obj.o ABSOLUTE
    __ARM_use_no_argv                        0x00000000   Number         0  main.o ABSOLUTE
    __cpp_initialize__aeabi_                  - Undefined Weak Reference
    __cxa_finalize                            - Undefined Weak Reference
    __decompress                              - Undefined Weak Reference
    _clock_init                               - Undefined Weak Reference
    _microlib_exit                            - Undefined Weak Reference
    __Vectors_Size                           0x00000130   Number         0  startup_stm32f10x_hd.o ABSOLUTE
    __Vectors                                0x08000000   Data           4  startup_stm32f10x_hd.o(RESET)
    __Vectors_End                            0x08000130   Data           0  startup_stm32f10x_hd.o(RESET)
    __main                                   0x08000131   Thumb Code     0  entry.o(.ARM.Collect$$$$00000000)
    _main_stk                                0x08000131   Thumb Code     0  entry2.o(.ARM.Collect$$$$00000001)
    _main_scatterload                        0x08000135   Thumb Code     0  entry5.o(.ARM.Collect$$$$00000004)
    __main_after_scatterload                 0x08000139   Thumb Code     0  entry5.o(.ARM.Collect$$$$00000004)
    _main_clock                              0x08000139   Thumb Code     0  entry7b.o(.ARM.Collect$$$$00000008)
    _main_cpp_init                           0x08000139   Thumb Code     0  entry8b.o(.ARM.Collect$$$$0000000A)
    _main_init                               0x08000139   Thumb Code     0  entry9a.o(.ARM.Collect$$$$0000000B)
    __rt_final_cpp                           0x08000141   Thumb Code     0  entry10a.o(.ARM.Collect$$$$0000000D)
    __rt_final_exit                          0x08000141   Thumb Code     0  entry11a.o(.ARM.Collect$$$$0000000F)
    Reset_Handler                            0x08000145   Thumb Code     8  startup_stm32f10x_hd.o(.text)
    ADC1_2_IRQHandler                        0x0800015f   Thumb Code     0  startup_stm32f10x_hd.o(.text)
    ADC3_IRQHandler                          0x0800015f   Thumb Code     0  startup_stm32f10x_hd.o(.text)
    CAN1_RX1_IRQHandler                      0x0800015f   Thumb Code     0  startup_stm32f10x_hd.o(.text)
    CAN1_SCE_IRQHandler                      0x0800015f   Thumb Code     0  startup_stm32f10x_hd.o(.text)
    DMA1_Channel1_IRQHandler                 0x0800015f   Thumb Code     0  startup_stm32f10x_hd.o(.text)
    DMA1_Channel2_IRQHandler                 0x0800015f   Thumb Code     0  startup_stm32f10x_hd.o(.text)
    DMA1_Channel3_IRQHandler                 0x0800015f   Thumb Code     0  startup_stm32f10x_hd.o(.text)
    DMA1_Channel4_IRQHandler                 0x0800015f   Thumb Code     0  startup_stm32f10x_hd.o(.text)
    DMA1_Channel5_IRQHandler                 0x0800015f   Thumb Code     0  startup_stm32f10x_hd.o(.text)
    DMA1_Channel6_IRQHandler                 0x0800015f   Thumb Code     0  startup_stm32f10x_hd.o(.text)
    DMA1_Channel7_IRQHandler                 0x0800015f   Thumb Code     0  startup_stm32f10x_hd.o(.text)
    DMA2_Channel1_IRQHandler                 0x0800015f   Thumb Code     0  startup_stm32f10x_hd.o(.text)
    DMA2_Channel2_IRQHandler                 0x0800015f   Thumb Code     0  startup_stm32f10x_hd.o(.text)
    DMA2_Channel3_IRQHandler                 0x0800015f   Thumb Code     0  startup_stm32f10x_hd.o(.text)
    DMA2_Channel4_5_IRQHandler               0x0800015f   Thumb Code     0  startup_stm32f10x_hd.o(.text)
    EXTI0_IRQHandler                         0x0800015f   Thumb Code     0  startup_stm32f10x_hd.o(.text)
    EXTI15_10_IRQHandler                     0x0800015f   Thumb Code     0  startup_stm32f10x_hd.o(.text)
    EXTI1_IRQHandler                         0x0800015f   Thumb Code     0  startup_stm32f10x_hd.o(.text)
    EXTI2_IRQHandler                         0x0800015f   Thumb Code     0  startup_stm32f10x_hd.o(.text)
    EXTI3_IRQHandler                         0x0800015f   Thumb Code     0  startup_stm32f10x_hd.o(.text)
    EXTI4_IRQHandler                         0x0800015f   Thumb Code     0  startup_stm32f10x_hd.o(.text)
    EXTI9_5_IRQHandler                       0x0800015f   Thumb Code     0  startup_stm32f10x_hd.o(.text)
    FLASH_IRQHandler                         0x0800015f   Thumb Code     0  startup_stm32f10x_hd.o(.text)
    FSMC_IRQHandler                          0x0800015f   Thumb Code     0  startup_stm32f10x_hd.o(.text)
    I2C1_ER_IRQHandler                       0x0800015f   Thumb Code     0  startup_stm32f10x_hd.o(.text)
    I2C1_EV_IRQHandler                       0x0800015f   Thumb Code     0  startup_stm32f10x_hd.o(.text)
    I2C2_ER_IRQHandler                       0x0800015f   Thumb Code     0  startup_stm32f10x_hd.o(.text)
    I2C2_EV_IRQHandler                       0x0800015f   Thumb Code     0  startup_stm32f10x_hd.o(.text)
    PVD_IRQHandler                           0x0800015f   Thumb Code     0  startup_stm32f10x_hd.o(.text)
    RCC_IRQHandler                           0x0800015f   Thumb Code     0  startup_stm32f10x_hd.o(.text)
    RTCAlarm_IRQHandler                      0x0800015f   Thumb Code     0  startup_stm32f10x_hd.o(.text)
    RTC_IRQHandler                           0x0800015f   Thumb Code     0  startup_stm32f10x_hd.o(.text)
    SDIO_IRQHandler                          0x0800015f   Thumb Code     0  startup_stm32f10x_hd.o(.text)
    SPI1_IRQHandler                          0x0800015f   Thumb Code     0  startup_stm32f10x_hd.o(.text)
    SPI2_IRQHandler                          0x0800015f   Thumb Code     0  startup_stm32f10x_hd.o(.text)
    SPI3_IRQHandler                          0x0800015f   Thumb Code     0  startup_stm32f10x_hd.o(.text)
    TAMPER_IRQHandler                        0x0800015f   Thumb Code     0  startup_stm32f10x_hd.o(.text)
    TIM1_BRK_IRQHandler                      0x0800015f   Thumb Code     0  startup_stm32f10x_hd.o(.text)
    TIM1_CC_IRQHandler                       0x0800015f   Thumb Code     0  startup_stm32f10x_hd.o(.text)
    TIM1_TRG_COM_IRQHandler                  0x0800015f   Thumb Code     0  startup_stm32f10x_hd.o(.text)
    TIM1_UP_IRQHandler                       0x0800015f   Thumb Code     0  startup_stm32f10x_hd.o(.text)
    TIM2_IRQHandler                          0x0800015f   Thumb Code     0  startup_stm32f10x_hd.o(.text)
    TIM3_IRQHandler                          0x0800015f   Thumb Code     0  startup_stm32f10x_hd.o(.text)
    TIM4_IRQHandler                          0x0800015f   Thumb Code     0  startup_stm32f10x_hd.o(.text)
    TIM5_IRQHandler                          0x0800015f   Thumb Code     0  startup_stm32f10x_hd.o(.text)
    TIM6_IRQHandler                          0x0800015f   Thumb Code     0  startup_stm32f10x_hd.o(.text)
    TIM7_IRQHandler                          0x0800015f   Thumb Code     0  startup_stm32f10x_hd.o(.text)
    TIM8_BRK_IRQHandler                      0x0800015f   Thumb Code     0  startup_stm32f10x_hd.o(.text)
    TIM8_CC_IRQHandler                       0x0800015f   Thumb Code     0  startup_stm32f10x_hd.o(.text)
    TIM8_TRG_COM_IRQHandler                  0x0800015f   Thumb Code     0  startup_stm32f10x_hd.o(.text)
    TIM8_UP_IRQHandler                       0x0800015f   Thumb Code     0  startup_stm32f10x_hd.o(.text)
    UART4_IRQHandler                         0x0800015f   Thumb Code     0  startup_stm32f10x_hd.o(.text)
    UART5_IRQHandler                         0x0800015f   Thumb Code     0  startup_stm32f10x_hd.o(.text)
    USART1_IRQHandler                        0x0800015f   Thumb Code     0  startup_stm32f10x_hd.o(.text)
    USART2_IRQHandler                        0x0800015f   Thumb Code     0  startup_stm32f10x_hd.o(.text)
    USART3_IRQHandler                        0x0800015f   Thumb Code     0  startup_stm32f10x_hd.o(.text)
    USBWakeUp_IRQHandler                     0x0800015f   Thumb Code     0  startup_stm32f10x_hd.o(.text)
    USB_HP_CAN1_TX_IRQHandler                0x0800015f   Thumb Code     0  startup_stm32f10x_hd.o(.text)
    USB_LP_CAN1_RX0_IRQHandler               0x0800015f   Thumb Code     0  startup_stm32f10x_hd.o(.text)
    WWDG_IRQHandler                          0x0800015f   Thumb Code     0  startup_stm32f10x_hd.o(.text)
    __aeabi_fmul                             0x08000169   Thumb Code   100  fmul.o(.text)
    __aeabi_fdiv                             0x080001cd   Thumb Code   124  fdiv.o(.text)
    __aeabi_dadd                             0x08000249   Thumb Code   322  dadd.o(.text)
    __aeabi_dsub                             0x0800038b   Thumb Code     6  dadd.o(.text)
    __aeabi_drsub                            0x08000391   Thumb Code     6  dadd.o(.text)
    __aeabi_dmul                             0x08000397   Thumb Code   228  dmul.o(.text)
    __aeabi_ui2f                             0x0800047b   Thumb Code    10  ffltui.o(.text)
    __aeabi_f2iz                             0x08000485   Thumb Code    50  ffixi.o(.text)
    __aeabi_f2d                              0x080004b7   Thumb Code    38  f2d.o(.text)
    __aeabi_d2f                              0x080004dd   Thumb Code    56  d2f.o(.text)
    __aeabi_cfcmpeq                          0x08000515   Thumb Code     0  cfcmple.o(.text)
    __aeabi_cfcmple                          0x08000515   Thumb Code    20  cfcmple.o(.text)
    __aeabi_cfrcmple                         0x08000529   Thumb Code    20  cfrcmple.o(.text)
    __aeabi_llsl                             0x0800053d   Thumb Code    30  llshl.o(.text)
    _ll_shift_l                              0x0800053d   Thumb Code     0  llshl.o(.text)
    __aeabi_lasr                             0x0800055b   Thumb Code    36  llsshr.o(.text)
    _ll_sshift_r                             0x0800055b   Thumb Code     0  llsshr.o(.text)
    __I$use$fp                               0x0800057f   Thumb Code     0  iusefp.o(.text)
    _float_round                             0x0800057f   Thumb Code    18  fepilogue.o(.text)
    _float_epilogue                          0x08000591   Thumb Code    92  fepilogue.o(.text)
    _double_round                            0x080005ed   Thumb Code    30  depilogue.o(.text)
    _double_epilogue                         0x0800060b   Thumb Code   156  depilogue.o(.text)
    __scatterload                            0x080006a9   Thumb Code    28  init.o(.text)
    __scatterload_rt2                        0x080006a9   Thumb Code     0  init.o(.text)
    __aeabi_llsr                             0x080006cd   Thumb Code    32  llushr.o(.text)
    _ll_ushift_r                             0x080006cd   Thumb Code     0  llushr.o(.text)
    ADC_Cmd                                  0x080006ed   Thumb Code    22  stm32f10x_adc.o(i.ADC_Cmd)
    ADC_DeInit                               0x08000705   Thumb Code    78  stm32f10x_adc.o(i.ADC_DeInit)
    ADC_GetCalibrationStatus                 0x08000761   Thumb Code    20  stm32f10x_adc.o(i.ADC_GetCalibrationStatus)
    ADC_GetConversionValue                   0x08000775   Thumb Code     8  stm32f10x_adc.o(i.ADC_GetConversionValue)
    ADC_GetFlagStatus                        0x0800077d   Thumb Code    18  stm32f10x_adc.o(i.ADC_GetFlagStatus)
    ADC_GetResetCalibrationStatus            0x0800078f   Thumb Code    20  stm32f10x_adc.o(i.ADC_GetResetCalibrationStatus)
    ADC_Init                                 0x080007a5   Thumb Code    70  stm32f10x_adc.o(i.ADC_Init)
    ADC_RegularChannelConfig                 0x080007f5   Thumb Code   184  stm32f10x_adc.o(i.ADC_RegularChannelConfig)
    ADC_ResetCalibration                     0x080008ad   Thumb Code    10  stm32f10x_adc.o(i.ADC_ResetCalibration)
    ADC_SoftwareStartConvCmd                 0x080008b7   Thumb Code    22  stm32f10x_adc.o(i.ADC_SoftwareStartConvCmd)
    ADC_StartCalibration                     0x080008cd   Thumb Code    10  stm32f10x_adc.o(i.ADC_StartCalibration)
    Adc_Config                               0x080008d9   Thumb Code   144  sensor_ad.o(i.Adc_Config)
    BEEP_Init                                0x08000971   Thumb Code    46  beep.o(i.BEEP_Init)
    BusFault_Handler                         0x080009a5   Thumb Code     4  stm32f10x_it.o(i.BusFault_Handler)
    DebugMon_Handler                         0x080009a9   Thumb Code     2  stm32f10x_it.o(i.DebugMon_Handler)
    Delay_init                               0x080009ad   Thumb Code    50  delay.o(i.Delay_init)
    Delay_ms                                 0x080009f1   Thumb Code    72  delay.o(i.Delay_ms)
    GPIO_Init                                0x08000a3d   Thumb Code   278  stm32f10x_gpio.o(i.GPIO_Init)
    GPIO_ResetBits                           0x08000b53   Thumb Code     4  stm32f10x_gpio.o(i.GPIO_ResetBits)
    GPIO_SetBits                             0x08000b57   Thumb Code     4  stm32f10x_gpio.o(i.GPIO_SetBits)
    HardFault_Handler                        0x08000b5b   Thumb Code     4  stm32f10x_it.o(i.HardFault_Handler)
    IIC_Start                                0x08000b61   Thumb Code    36  oled.o(i.IIC_Start)
    IIC_Stop                                 0x08000b89   Thumb Code    28  oled.o(i.IIC_Stop)
    IIC_Wait_Ack                             0x08000ba9   Thumb Code    20  oled.o(i.IIC_Wait_Ack)
    MemManage_Handler                        0x08000bc1   Thumb Code     4  stm32f10x_it.o(i.MemManage_Handler)
    NMI_Handler                              0x08000bc5   Thumb Code     2  stm32f10x_it.o(i.NMI_Handler)
    OLED_Clear                               0x08000bc7   Thumb Code    62  oled.o(i.OLED_Clear)
    OLED_Display_On                          0x08000c05   Thumb Code    28  oled.o(i.OLED_Display_On)
    OLED_Init                                0x08000c21   Thumb Code   274  oled.o(i.OLED_Init)
    OLED_Set_Pos                             0x08000d39   Thumb Code    40  oled.o(i.OLED_Set_Pos)
    OLED_ShowChar                            0x08000d61   Thumb Code   154  oled.o(i.OLED_ShowChar)
    OLED_ShowNum                             0x08000e05   Thumb Code   136  oled.o(i.OLED_ShowNum)
    OLED_ShowString                          0x08000e8d   Thumb Code    58  oled.o(i.OLED_ShowString)
    OLED_WR_Byte                             0x08000ec7   Thumb Code    24  oled.o(i.OLED_WR_Byte)
    PendSV_Handler                           0x08000edf   Thumb Code     2  stm32f10x_it.o(i.PendSV_Handler)
    RCC_ADCCLKConfig                         0x08000ee1   Thumb Code    18  stm32f10x_rcc.o(i.RCC_ADCCLKConfig)
    RCC_APB2PeriphClockCmd                   0x08000ef9   Thumb Code    26  stm32f10x_rcc.o(i.RCC_APB2PeriphClockCmd)
    RCC_APB2PeriphResetCmd                   0x08000f19   Thumb Code    26  stm32f10x_rcc.o(i.RCC_APB2PeriphResetCmd)
    SVC_Handler                              0x08000f39   Thumb Code     2  stm32f10x_it.o(i.SVC_Handler)
    SysTick_CLKSourceConfig                  0x08001025   Thumb Code    40  misc.o(i.SysTick_CLKSourceConfig)
    SysTick_Handler                          0x0800104d   Thumb Code     2  stm32f10x_it.o(i.SysTick_Handler)
    SystemInit                               0x08001051   Thumb Code    78  system_stm32f10x.o(i.SystemInit)
    TEMT6000_ADC1                            0x080010b1   Thumb Code   406  sensor_ad.o(i.TEMT6000_ADC1)
    UsageFault_Handler                       0x08001279   Thumb Code     4  stm32f10x_it.o(i.UsageFault_Handler)
    Write_IIC_Byte                           0x0800127d   Thumb Code    80  oled.o(i.Write_IIC_Byte)
    Write_IIC_Command                        0x080012d1   Thumb Code    44  oled.o(i.Write_IIC_Command)
    Write_IIC_Data                           0x080012fd   Thumb Code    44  oled.o(i.Write_IIC_Data)
    __scatterload_copy                       0x08001329   Thumb Code    14  handlers.o(i.__scatterload_copy)
    __scatterload_null                       0x08001337   Thumb Code     2  handlers.o(i.__scatterload_null)
    __scatterload_zeroinit                   0x08001339   Thumb Code    14  handlers.o(i.__scatterload_zeroinit)
    main                                     0x08001349   Thumb Code   262  main.o(i.main)
    oled_pow                                 0x0800147d   Thumb Code    22  oled.o(i.oled_pow)
    F6x8                                     0x08001492   Data         552  oled.o(.constdata)
    F8X16                                    0x080016ba   Data        1520  oled.o(.constdata)
    Region$$Table$$Base                      0x08001cac   Number         0  anon$$obj.o(Region$$Table)
    Region$$Table$$Limit                     0x08001ccc   Number         0  anon$$obj.o(Region$$Table)
    j                                        0x20000000   Data           1  main.o(.data)
    data                                     0x20000004   Data           4  main.o(.data)
    data_new                                 0x20000008   Data           4  main.o(.data)
    number                                   0x2000000c   Data           4  main.o(.data)
    flag                                     0x20000010   Data           4  main.o(.data)
    flag_number                              0x20000014   Data           4  main.o(.data)
    commond_number                           0x20000018   Data           4  main.o(.data)
    time                                     0x2000001c   Data           4  main.o(.data)
    SystemCoreClock                          0x20000020   Data           4  system_stm32f10x.o(.data)
    AHBPrescTable                            0x20000024   Data          16  system_stm32f10x.o(.data)
    TEMT6000_sensor_ADC_ConvertedValue       0x20000038   Data           4  sensor_ad.o(.data)
    TEMT6000_sensor_ADC_ConvertedValueLocal  0x2000003c   Data           4  sensor_ad.o(.data)
    TEMT6000_sensor_data                     0x20000040   Data           7  sensor_ad.o(.data)
    TEMT6000_sensor_Lux                      0x20000048   Data           4  sensor_ad.o(.data)
    Lux                                      0x2000004c   Data           8  sensor_ad.o(.data)
    __initial_sp                             0x20000458   Data           0  startup_stm32f10x_hd.o(STACK)



==============================================================================

Memory Map of the image

  Image Entry point : 0x08000131

  Load Region LR_IROM1 (Base: 0x08000000, Size: 0x00001d20, Max: 0x00010000, ABSOLUTE)

    Execution Region ER_IROM1 (Exec base: 0x08000000, Load base: 0x08000000, Size: 0x00001ccc, Max: 0x00010000, ABSOLUTE)

    Exec Addr    Load Addr    Size         Type   Attr      Idx    E Section Name        Object

    0x08000000   0x08000000   0x00000130   Data   RO          197    RESET               startup_stm32f10x_hd.o
    0x08000130   0x08000130   0x00000000   Code   RO         1388  * .ARM.Collect$$$$00000000  mc_w.l(entry.o)
    0x08000130   0x08000130   0x00000004   Code   RO         1413    .ARM.Collect$$$$00000001  mc_w.l(entry2.o)
    0x08000134   0x08000134   0x00000004   Code   RO         1416    .ARM.Collect$$$$00000004  mc_w.l(entry5.o)
    0x08000138   0x08000138   0x00000000   Code   RO         1418    .ARM.Collect$$$$00000008  mc_w.l(entry7b.o)
    0x08000138   0x08000138   0x00000000   Code   RO         1420    .ARM.Collect$$$$0000000A  mc_w.l(entry8b.o)
    0x08000138   0x08000138   0x00000008   Code   RO         1421    .ARM.Collect$$$$0000000B  mc_w.l(entry9a.o)
    0x08000140   0x08000140   0x00000000   Code   RO         1423    .ARM.Collect$$$$0000000D  mc_w.l(entry10a.o)
    0x08000140   0x08000140   0x00000000   Code   RO         1425    .ARM.Collect$$$$0000000F  mc_w.l(entry11a.o)
    0x08000140   0x08000140   0x00000004   Code   RO         1414    .ARM.Collect$$$$00002712  mc_w.l(entry2.o)
    0x08000144   0x08000144   0x00000024   Code   RO          198    .text               startup_stm32f10x_hd.o
    0x08000168   0x08000168   0x00000064   Code   RO         1391    .text               mf_w.l(fmul.o)
    0x080001cc   0x080001cc   0x0000007c   Code   RO         1393    .text               mf_w.l(fdiv.o)
    0x08000248   0x08000248   0x0000014e   Code   RO         1395    .text               mf_w.l(dadd.o)
    0x08000396   0x08000396   0x000000e4   Code   RO         1397    .text               mf_w.l(dmul.o)
    0x0800047a   0x0800047a   0x0000000a   Code   RO         1399    .text               mf_w.l(ffltui.o)
    0x08000484   0x08000484   0x00000032   Code   RO         1401    .text               mf_w.l(ffixi.o)
    0x080004b6   0x080004b6   0x00000026   Code   RO         1405    .text               mf_w.l(f2d.o)
    0x080004dc   0x080004dc   0x00000038   Code   RO         1407    .text               mf_w.l(d2f.o)
    0x08000514   0x08000514   0x00000014   Code   RO         1409    .text               mf_w.l(cfcmple.o)
    0x08000528   0x08000528   0x00000014   Code   RO         1411    .text               mf_w.l(cfrcmple.o)
    0x0800053c   0x0800053c   0x0000001e   Code   RO         1427    .text               mc_w.l(llshl.o)
    0x0800055a   0x0800055a   0x00000024   Code   RO         1429    .text               mc_w.l(llsshr.o)
    0x0800057e   0x0800057e   0x00000000   Code   RO         1431    .text               mc_w.l(iusefp.o)
    0x0800057e   0x0800057e   0x0000006e   Code   RO         1432    .text               mf_w.l(fepilogue.o)
    0x080005ec   0x080005ec   0x000000ba   Code   RO         1434    .text               mf_w.l(depilogue.o)
    0x080006a6   0x080006a6   0x00000002   PAD
    0x080006a8   0x080006a8   0x00000024   Code   RO         1436    .text               mc_w.l(init.o)
    0x080006cc   0x080006cc   0x00000020   Code   RO         1438    .text               mc_w.l(llushr.o)
    0x080006ec   0x080006ec   0x00000016   Code   RO         1142    i.ADC_Cmd           stm32f10x_adc.o
    0x08000702   0x08000702   0x00000002   PAD
    0x08000704   0x08000704   0x0000005c   Code   RO         1144    i.ADC_DeInit        stm32f10x_adc.o
    0x08000760   0x08000760   0x00000014   Code   RO         1150    i.ADC_GetCalibrationStatus  stm32f10x_adc.o
    0x08000774   0x08000774   0x00000008   Code   RO         1151    i.ADC_GetConversionValue  stm32f10x_adc.o
    0x0800077c   0x0800077c   0x00000012   Code   RO         1153    i.ADC_GetFlagStatus  stm32f10x_adc.o
    0x0800078e   0x0800078e   0x00000014   Code   RO         1156    i.ADC_GetResetCalibrationStatus  stm32f10x_adc.o
    0x080007a2   0x080007a2   0x00000002   PAD
    0x080007a4   0x080007a4   0x00000050   Code   RO         1160    i.ADC_Init          stm32f10x_adc.o
    0x080007f4   0x080007f4   0x000000b8   Code   RO         1164    i.ADC_RegularChannelConfig  stm32f10x_adc.o
    0x080008ac   0x080008ac   0x0000000a   Code   RO         1165    i.ADC_ResetCalibration  stm32f10x_adc.o
    0x080008b6   0x080008b6   0x00000016   Code   RO         1167    i.ADC_SoftwareStartConvCmd  stm32f10x_adc.o
    0x080008cc   0x080008cc   0x0000000a   Code   RO         1169    i.ADC_StartCalibration  stm32f10x_adc.o
    0x080008d6   0x080008d6   0x00000002   PAD
    0x080008d8   0x080008d8   0x00000098   Code   RO          627    i.Adc_Config        sensor_ad.o
    0x08000970   0x08000970   0x00000034   Code   RO          583    i.BEEP_Init         beep.o
    0x080009a4   0x080009a4   0x00000004   Code   RO          132    i.BusFault_Handler  stm32f10x_it.o
    0x080009a8   0x080009a8   0x00000002   Code   RO          133    i.DebugMon_Handler  stm32f10x_it.o
    0x080009aa   0x080009aa   0x00000002   PAD
    0x080009ac   0x080009ac   0x00000044   Code   RO          598    i.Delay_init        delay.o
    0x080009f0   0x080009f0   0x0000004c   Code   RO          599    i.Delay_ms          delay.o
    0x08000a3c   0x08000a3c   0x00000116   Code   RO          209    i.GPIO_Init         stm32f10x_gpio.o
    0x08000b52   0x08000b52   0x00000004   Code   RO          216    i.GPIO_ResetBits    stm32f10x_gpio.o
    0x08000b56   0x08000b56   0x00000004   Code   RO          217    i.GPIO_SetBits      stm32f10x_gpio.o
    0x08000b5a   0x08000b5a   0x00000004   Code   RO          134    i.HardFault_Handler  stm32f10x_it.o
    0x08000b5e   0x08000b5e   0x00000002   PAD
    0x08000b60   0x08000b60   0x00000028   Code   RO          997    i.IIC_Start         oled.o
    0x08000b88   0x08000b88   0x00000020   Code   RO          998    i.IIC_Stop          oled.o
    0x08000ba8   0x08000ba8   0x00000018   Code   RO          999    i.IIC_Wait_Ack      oled.o
    0x08000bc0   0x08000bc0   0x00000004   Code   RO          135    i.MemManage_Handler  stm32f10x_it.o
    0x08000bc4   0x08000bc4   0x00000002   Code   RO          136    i.NMI_Handler       stm32f10x_it.o
    0x08000bc6   0x08000bc6   0x0000003e   Code   RO         1000    i.OLED_Clear        oled.o
    0x08000c04   0x08000c04   0x0000001c   Code   RO         1002    i.OLED_Display_On   oled.o
    0x08000c20   0x08000c20   0x00000118   Code   RO         1004    i.OLED_Init         oled.o
    0x08000d38   0x08000d38   0x00000028   Code   RO         1006    i.OLED_Set_Pos      oled.o
    0x08000d60   0x08000d60   0x000000a4   Code   RO         1007    i.OLED_ShowChar     oled.o
    0x08000e04   0x08000e04   0x00000088   Code   RO         1008    i.OLED_ShowNum      oled.o
    0x08000e8c   0x08000e8c   0x0000003a   Code   RO         1009    i.OLED_ShowString   oled.o
    0x08000ec6   0x08000ec6   0x00000018   Code   RO         1010    i.OLED_WR_Byte      oled.o
    0x08000ede   0x08000ede   0x00000002   Code   RO          137    i.PendSV_Handler    stm32f10x_it.o
    0x08000ee0   0x08000ee0   0x00000018   Code   RO          339    i.RCC_ADCCLKConfig  stm32f10x_rcc.o
    0x08000ef8   0x08000ef8   0x00000020   Code   RO          343    i.RCC_APB2PeriphClockCmd  stm32f10x_rcc.o
    0x08000f18   0x08000f18   0x00000020   Code   RO          344    i.RCC_APB2PeriphResetCmd  stm32f10x_rcc.o
    0x08000f38   0x08000f38   0x00000002   Code   RO          138    i.SVC_Handler       stm32f10x_it.o
    0x08000f3a   0x08000f3a   0x00000008   Code   RO          539    i.SetSysClock       system_stm32f10x.o
    0x08000f42   0x08000f42   0x00000002   PAD
    0x08000f44   0x08000f44   0x000000e0   Code   RO          540    i.SetSysClockTo72   system_stm32f10x.o
    0x08001024   0x08001024   0x00000028   Code   RO          960    i.SysTick_CLKSourceConfig  misc.o
    0x0800104c   0x0800104c   0x00000002   Code   RO          139    i.SysTick_Handler   stm32f10x_it.o
    0x0800104e   0x0800104e   0x00000002   PAD
    0x08001050   0x08001050   0x00000060   Code   RO          542    i.SystemInit        system_stm32f10x.o
    0x080010b0   0x080010b0   0x000001c8   Code   RO          628    i.TEMT6000_ADC1     sensor_ad.o
    0x08001278   0x08001278   0x00000004   Code   RO          140    i.UsageFault_Handler  stm32f10x_it.o
    0x0800127c   0x0800127c   0x00000054   Code   RO         1011    i.Write_IIC_Byte    oled.o
    0x080012d0   0x080012d0   0x0000002c   Code   RO         1012    i.Write_IIC_Command  oled.o
    0x080012fc   0x080012fc   0x0000002c   Code   RO         1013    i.Write_IIC_Data    oled.o
    0x08001328   0x08001328   0x0000000e   Code   RO         1442    i.__scatterload_copy  mc_w.l(handlers.o)
    0x08001336   0x08001336   0x00000002   Code   RO         1443    i.__scatterload_null  mc_w.l(handlers.o)
    0x08001338   0x08001338   0x0000000e   Code   RO         1444    i.__scatterload_zeroinit  mc_w.l(handlers.o)
    0x08001346   0x08001346   0x00000002   PAD
    0x08001348   0x08001348   0x00000134   Code   RO            1    i.main              main.o
    0x0800147c   0x0800147c   0x00000016   Code   RO         1015    i.oled_pow          oled.o
    0x08001492   0x08001492   0x00000818   Data   RO         1016    .constdata          oled.o
    0x08001caa   0x08001caa   0x00000002   PAD
    0x08001cac   0x08001cac   0x00000020   Data   RO         1440    Region$$Table       anon$$obj.o


    Execution Region RW_IRAM1 (Exec base: 0x20000000, Load base: 0x08001ccc, Size: 0x00000458, Max: 0x00005000, ABSOLUTE)

    Exec Addr    Load Addr    Size         Type   Attr      Idx    E Section Name        Object

    0x20000000   0x08001ccc   0x00000020   Data   RW            2    .data               main.o
    0x20000020   0x08001cec   0x00000014   Data   RW          543    .data               system_stm32f10x.o
    0x20000034   0x08001d00   0x00000004   Data   RW          601    .data               delay.o
    0x20000038   0x08001d04   0x0000001c   Data   RW          629    .data               sensor_ad.o
    0x20000054   0x08001d20   0x00000004   PAD
    0x20000058        -       0x00000400   Zero   RW          195    STACK               startup_stm32f10x_hd.o


==============================================================================

Image component sizes


      Code (inc. data)   RO Data    RW Data    ZI Data      Debug   Object Name

        52          6          0          0          0        432   beep.o
       144         22          0          4          0       1048   delay.o
       308         46          0         32          0      13877   main.o
        40          0          0          0          0        450   misc.o
      1082         32       2072          0          0       8754   oled.o
       608         58          0         28          0       1931   sensor_ad.o
        36          8        304          0       1024        804   startup_stm32f10x_hd.o
       486         24          0          0          0       9318   stm32f10x_adc.o
       286          0          0          0          0     213752   stm32f10x_gpio.o
        26          0          0          0          0       3422   stm32f10x_it.o
        88         18          0          0          0       1673   stm32f10x_rcc.o
       328         28          0         20          0       2029   system_stm32f10x.o

    ----------------------------------------------------------------------
      3498        242       2410         84       1028     257490   Object Totals
         0          0         32          0          0          0   (incl. Generated)
        14          0          2          0          4          0   (incl. Padding)

    ----------------------------------------------------------------------

      Code (inc. data)   RO Data    RW Data    ZI Data      Debug   Library Member Name

         0          0          0          0          0          0   entry.o
         0          0          0          0          0          0   entry10a.o
         0          0          0          0          0          0   entry11a.o
         8          4          0          0          0          0   entry2.o
         4          0          0          0          0          0   entry5.o
         0          0          0          0          0          0   entry7b.o
         0          0          0          0          0          0   entry8b.o
         8          4          0          0          0          0   entry9a.o
        30          0          0          0          0          0   handlers.o
        36          8          0          0          0         68   init.o
         0          0          0          0          0          0   iusefp.o
        30          0          0          0          0         68   llshl.o
        36          0          0          0          0         68   llsshr.o
        32          0          0          0          0         68   llushr.o
        20          0          0          0          0         68   cfcmple.o
        20          0          0          0          0         68   cfrcmple.o
        56          0          0          0          0         88   d2f.o
       334          0          0          0          0        148   dadd.o
       186          0          0          0          0        176   depilogue.o
       228          0          0          0          0         96   dmul.o
        38          0          0          0          0         68   f2d.o
       124          0          0          0          0         88   fdiv.o
       110          0          0          0          0        168   fepilogue.o
        50          0          0          0          0         68   ffixi.o
        10          0          0          0          0         68   ffltui.o
       100          0          0          0          0         76   fmul.o

    ----------------------------------------------------------------------
      1464         16          0          0          0       1452   Library Totals
         4          0          0          0          0          0   (incl. Padding)

    ----------------------------------------------------------------------

      Code (inc. data)   RO Data    RW Data    ZI Data      Debug   Library Name

       184         16          0          0          0        272   mc_w.l
      1276          0          0          0          0       1180   mf_w.l

    ----------------------------------------------------------------------
      1464         16          0          0          0       1452   Library Totals

    ----------------------------------------------------------------------

==============================================================================


      Code (inc. data)   RO Data    RW Data    ZI Data      Debug   

      4962        258       2410         84       1028     255922   Grand Totals
      4962        258       2410         84       1028     255922   ELF Image Totals
      4962        258       2410         84          0          0   ROM Totals

==============================================================================

    Total RO  Size (Code + RO Data)                 7372 (   7.20kB)
    Total RW  Size (RW Data + ZI Data)              1112 (   1.09kB)
    Total ROM Size (Code + RO Data + RW Data)       7456 (   7.28kB)

==============================================================================

